#ftp://ftp.eso.org/web/sci/observing/tools/standards/IR_spectral_library/uko5v.dat.gz
#ftp://ftp.eso.org/web/sci/observing/tools/standards/IR_spectral_library/uko8iii.dat.gz
#ftp://ftp.eso.org/web/sci/observing/tools/standards/IR_spectral_library/uko9v.dat.gz
#ftp://ftp.eso.org/web/sci/observing/tools/standards/IR_spectral_library/ukb0i.dat.gz
#ftp://ftp.eso.org/web/sci/observing/tools/standards/IR_spectral_library/ukb0v.dat.gz
#ftp://ftp.eso.org/web/sci/observing/tools/standards/IR_spectral_library/ukb12iii.dat.gz
#ftp://ftp.eso.org/web/sci/observing/tools/standards/IR_spectral_library/ukb1i.dat.gz
#ftp://ftp.eso.org/web/sci/observing/tools/standards/IR_spectral_library/ukb1v.dat.gz
#ftp://ftp.eso.org/web/sci/observing/tools/standards/IR_spectral_library/ukb2ii.dat.gz
#ftp://ftp.eso.org/web/sci/observing/tools/standards/IR_spectral_library/ukb2iv.dat.gz
#ftp://ftp.eso.org/web/sci/observing/tools/standards/IR_spectral_library/ukb3i.dat.gz
#ftp://ftp.eso.org/web/sci/observing/tools/standards/IR_spectral_library/ukb3iii.dat.gz
#ftp://ftp.eso.org/web/sci/observing/tools/standards/IR_spectral_library/ukb3v.dat.gz
#ftp://ftp.eso.org/web/sci/observing/tools/standards/IR_spectral_library/ukb57v.dat.gz
#ftp://ftp.eso.org/web/sci/observing/tools/standards/IR_spectral_library/ukb5i.dat.gz
#ftp://ftp.eso.org/web/sci/observing/tools/standards/IR_spectral_library/ukb5ii.dat.gz
#ftp://ftp.eso.org/web/sci/observing/tools/standards/IR_spectral_library/ukb5iii.dat.gz
#ftp://ftp.eso.org/web/sci/observing/tools/standards/IR_spectral_library/ukb6iv.dat.gz
#ftp://ftp.eso.org/web/sci/observing/tools/standards/IR_spectral_library/ukb8i.dat.gz
#ftp://ftp.eso.org/web/sci/observing/tools/standards/IR_spectral_library/ukb8v.dat.gz
#ftp://ftp.eso.org/web/sci/observing/tools/standards/IR_spectral_library/ukb9iii.dat.gz
#ftp://ftp.eso.org/web/sci/observing/tools/standards/IR_spectral_library/ukb9v.dat.gz
#ftp://ftp.eso.org/web/sci/observing/tools/standards/IR_spectral_library/uka0i.dat.gz
#ftp://ftp.eso.org/web/sci/observing/tools/standards/IR_spectral_library/uka0iii.dat.gz
#ftp://ftp.eso.org/web/sci/observing/tools/standards/IR_spectral_library/uka0iv.dat.gz
#ftp://ftp.eso.org/web/sci/observing/tools/standards/IR_spectral_library/uka0iv_new.dat.gz
#ftp://ftp.eso.org/web/sci/observing/tools/standards/IR_spectral_library/uka0v.dat.gz
#ftp://ftp.eso.org/web/sci/observing/tools/standards/IR_spectral_library/uka2i.dat.gz
#ftp://ftp.eso.org/web/sci/observing/tools/standards/IR_spectral_library/uka2v.dat.gz
#ftp://ftp.eso.org/web/sci/observing/tools/standards/IR_spectral_library/uka3iii.dat.gz
#ftp://ftp.eso.org/web/sci/observing/tools/standards/IR_spectral_library/uka3v.dat.gz
#ftp://ftp.eso.org/web/sci/observing/tools/standards/IR_spectral_library/uka47iv.dat.gz
#ftp://ftp.eso.org/web/sci/observing/tools/standards/IR_spectral_library/uka5iii.dat.gz
#ftp://ftp.eso.org/web/sci/observing/tools/standards/IR_spectral_library/uka5v.dat.gz
#ftp://ftp.eso.org/web/sci/observing/tools/standards/IR_spectral_library/uka7iii.dat.gz
#ftp://ftp.eso.org/web/sci/observing/tools/standards/IR_spectral_library/uka7v.dat.gz
#ftp://ftp.eso.org/web/sci/observing/tools/standards/IR_spectral_library/ukf02iv.dat.gz
#ftp://ftp.eso.org/web/sci/observing/tools/standards/IR_spectral_library/ukf0i.dat.gz
#ftp://ftp.eso.org/web/sci/observing/tools/standards/IR_spectral_library/ukf0ii.dat.gz
#ftp://ftp.eso.org/web/sci/observing/tools/standards/IR_spectral_library/ukf0iii.dat.gz
#ftp://ftp.eso.org/web/sci/observing/tools/standards/IR_spectral_library/ukf0v.dat.gz
#ftp://ftp.eso.org/web/sci/observing/tools/standards/IR_spectral_library/ukf2ii.dat.gz
#ftp://ftp.eso.org/web/sci/observing/tools/standards/IR_spectral_library/ukf2iii.dat.gz
#ftp://ftp.eso.org/web/sci/observing/tools/standards/IR_spectral_library/ukf2v.dat.gz
#ftp://ftp.eso.org/web/sci/observing/tools/standards/IR_spectral_library/ukf5i.dat.gz
#ftp://ftp.eso.org/web/sci/observing/tools/standards/IR_spectral_library/ukf5iii.dat.gz
#ftp://ftp.eso.org/web/sci/observing/tools/standards/IR_spectral_library/ukf5iv.dat.gz
#ftp://ftp.eso.org/web/sci/observing/tools/standards/IR_spectral_library/ukf5v.dat.gz
#ftp://ftp.eso.org/web/sci/observing/tools/standards/IR_spectral_library/ukf6v.dat.gz
#ftp://ftp.eso.org/web/sci/observing/tools/standards/IR_spectral_library/ukf8i.dat.gz
#ftp://ftp.eso.org/web/sci/observing/tools/standards/IR_spectral_library/ukf8iv.dat.gz
#ftp://ftp.eso.org/web/sci/observing/tools/standards/IR_spectral_library/ukf8v.dat.gz
#ftp://ftp.eso.org/web/sci/observing/tools/standards/IR_spectral_library/ukg0i.dat.gz
#ftp://ftp.eso.org/web/sci/observing/tools/standards/IR_spectral_library/ukg0iii.dat.gz
#ftp://ftp.eso.org/web/sci/observing/tools/standards/IR_spectral_library/ukg0iv.dat.gz
#ftp://ftp.eso.org/web/sci/observing/tools/standards/IR_spectral_library/ukg0iv_new.dat.gz
#ftp://ftp.eso.org/web/sci/observing/tools/standards/IR_spectral_library/ukg0v.dat.gz
#ftp://ftp.eso.org/web/sci/observing/tools/standards/IR_spectral_library/ukg2i.dat.gz
#ftp://ftp.eso.org/web/sci/observing/tools/standards/IR_spectral_library/ukg2iv.dat.gz
#ftp://ftp.eso.org/web/sci/observing/tools/standards/IR_spectral_library/ukg2iv_new.dat.gz
#ftp://ftp.eso.org/web/sci/observing/tools/standards/IR_spectral_library/ukg2v.dat.gz
#ftp://ftp.eso.org/web/sci/observing/tools/standards/IR_spectral_library/ukg5i.dat.gz
#ftp://ftp.eso.org/web/sci/observing/tools/standards/IR_spectral_library/ukg5ii.dat.gz
#ftp://ftp.eso.org/web/sci/observing/tools/standards/IR_spectral_library/ukg5iii.dat.gz
#ftp://ftp.eso.org/web/sci/observing/tools/standards/IR_spectral_library/ukg5iv.dat.gz
#ftp://ftp.eso.org/web/sci/observing/tools/standards/IR_spectral_library/ukg5iv_new.dat.gz
#ftp://ftp.eso.org/web/sci/observing/tools/standards/IR_spectral_library/ukg5v.dat.gz
#ftp://ftp.eso.org/web/sci/observing/tools/standards/IR_spectral_library/ukg8i.dat.gz
#ftp://ftp.eso.org/web/sci/observing/tools/standards/IR_spectral_library/ukg8iii.dat.gz
#ftp://ftp.eso.org/web/sci/observing/tools/standards/IR_spectral_library/ukg8iv.dat.gz
#ftp://ftp.eso.org/web/sci/observing/tools/standards/IR_spectral_library/ukg8v.dat.gz
#ftp://ftp.eso.org/web/sci/observing/tools/standards/IR_spectral_library/ukk01ii.dat.gz
#ftp://ftp.eso.org/web/sci/observing/tools/standards/IR_spectral_library/ukk0iii.dat.gz
#ftp://ftp.eso.org/web/sci/observing/tools/standards/IR_spectral_library/ukk0iv.dat.gz
#ftp://ftp.eso.org/web/sci/observing/tools/standards/IR_spectral_library/ukk0iv_new.dat.gz
#ftp://ftp.eso.org/web/sci/observing/tools/standards/IR_spectral_library/ukk0v.dat.gz
#ftp://ftp.eso.org/web/sci/observing/tools/standards/IR_spectral_library/ukk1iii.dat.gz
#ftp://ftp.eso.org/web/sci/observing/tools/standards/IR_spectral_library/ukk1iv.dat.gz
#ftp://ftp.eso.org/web/sci/observing/tools/standards/IR_spectral_library/ukk1iv_new.dat.gz
#ftp://ftp.eso.org/web/sci/observing/tools/standards/IR_spectral_library/ukk2i.dat.gz
ftp://ftp.eso.org/web/sci/observing/tools/standards/IR_spectral_library/ukk2iii.dat.gz
ftp://ftp.eso.org/web/sci/observing/tools/standards/IR_spectral_library/ukk2v.dat.gz
ftp://ftp.eso.org/web/sci/observing/tools/standards/IR_spectral_library/ukk34ii.dat.gz
ftp://ftp.eso.org/web/sci/observing/tools/standards/IR_spectral_library/ukk3i.dat.gz
ftp://ftp.eso.org/web/sci/observing/tools/standards/IR_spectral_library/ukk3iii.dat.gz
ftp://ftp.eso.org/web/sci/observing/tools/standards/IR_spectral_library/ukk3iv.dat.gz
ftp://ftp.eso.org/web/sci/observing/tools/standards/IR_spectral_library/ukk3v.dat.gz
ftp://ftp.eso.org/web/sci/observing/tools/standards/IR_spectral_library/ukk4i.dat.gz
ftp://ftp.eso.org/web/sci/observing/tools/standards/IR_spectral_library/ukk4iii.dat.gz
ftp://ftp.eso.org/web/sci/observing/tools/standards/IR_spectral_library/ukk4v.dat.gz
ftp://ftp.eso.org/web/sci/observing/tools/standards/IR_spectral_library/ukk4v_new.dat.gz
ftp://ftp.eso.org/web/sci/observing/tools/standards/IR_spectral_library/ukk5iii.dat.gz
ftp://ftp.eso.org/web/sci/observing/tools/standards/IR_spectral_library/ukk5v.dat.gz
ftp://ftp.eso.org/web/sci/observing/tools/standards/IR_spectral_library/ukk7v.dat.gz
ftp://ftp.eso.org/web/sci/observing/tools/standards/IR_spectral_library/ukm0iii.dat.gz
ftp://ftp.eso.org/web/sci/observing/tools/standards/IR_spectral_library/ukm0v.dat.gz
ftp://ftp.eso.org/web/sci/observing/tools/standards/IR_spectral_library/ukm10iii.dat.gz
ftp://ftp.eso.org/web/sci/observing/tools/standards/IR_spectral_library/ukm1iii.dat.gz
ftp://ftp.eso.org/web/sci/observing/tools/standards/IR_spectral_library/ukm1v.dat.gz
ftp://ftp.eso.org/web/sci/observing/tools/standards/IR_spectral_library/ukm2.5v.dat.gz
ftp://ftp.eso.org/web/sci/observing/tools/standards/IR_spectral_library/ukm2i.dat.gz
ftp://ftp.eso.org/web/sci/observing/tools/standards/IR_spectral_library/ukm2iii.dat.gz
ftp://ftp.eso.org/web/sci/observing/tools/standards/IR_spectral_library/ukm2v.dat.gz
ftp://ftp.eso.org/web/sci/observing/tools/standards/IR_spectral_library/ukm3ii.dat.gz
ftp://ftp.eso.org/web/sci/observing/tools/standards/IR_spectral_library/ukm3iii.dat.gz
ftp://ftp.eso.org/web/sci/observing/tools/standards/IR_spectral_library/ukm3v.dat.gz
ftp://ftp.eso.org/web/sci/observing/tools/standards/IR_spectral_library/ukm4iii.dat.gz
ftp://ftp.eso.org/web/sci/observing/tools/standards/IR_spectral_library/ukm4v.dat.gz
ftp://ftp.eso.org/web/sci/observing/tools/standards/IR_spectral_library/ukm4v_new.dat.gz
ftp://ftp.eso.org/web/sci/observing/tools/standards/IR_spectral_library/ukm5iii.dat.gz
ftp://ftp.eso.org/web/sci/observing/tools/standards/IR_spectral_library/ukm5v.dat.gz
ftp://ftp.eso.org/web/sci/observing/tools/standards/IR_spectral_library/ukm6iii.dat.gz
ftp://ftp.eso.org/web/sci/observing/tools/standards/IR_spectral_library/ukm6v.dat.gz
ftp://ftp.eso.org/web/sci/observing/tools/standards/IR_spectral_library/ukm7iii.dat.gz
ftp://ftp.eso.org/web/sci/observing/tools/standards/IR_spectral_library/ukm8iii.dat.gz
ftp://ftp.eso.org/web/sci/observing/tools/standards/IR_spectral_library/ukm9iii.dat.gz
