ftp://ftp.eso.org/web/sci/observing/tools/standards/IR_spectral_library/ukk2iii.dat.gz
ftp://ftp.eso.org/web/sci/observing/tools/standards/IR_spectral_library/ukk2v.dat.gz
ftp://ftp.eso.org/web/sci/observing/tools/standards/IR_spectral_library/ukk34ii.dat.gz
ftp://ftp.eso.org/web/sci/observing/tools/standards/IR_spectral_library/ukk3i.dat.gz
ftp://ftp.eso.org/web/sci/observing/tools/standards/IR_spectral_library/ukk3iii.dat.gz
ftp://ftp.eso.org/web/sci/observing/tools/standards/IR_spectral_library/ukk3iv.dat.gz
ftp://ftp.eso.org/web/sci/observing/tools/standards/IR_spectral_library/ukk3v.dat.gz
ftp://ftp.eso.org/web/sci/observing/tools/standards/IR_spectral_library/ukk4i.dat.gz
ftp://ftp.eso.org/web/sci/observing/tools/standards/IR_spectral_library/ukk4iii.dat.gz
ftp://ftp.eso.org/web/sci/observing/tools/standards/IR_spectral_library/ukk4v.dat.gz
ftp://ftp.eso.org/web/sci/observing/tools/standards/IR_spectral_library/ukk4v_new.dat.gz
ftp://ftp.eso.org/web/sci/observing/tools/standards/IR_spectral_library/ukk5iii.dat.gz
ftp://ftp.eso.org/web/sci/observing/tools/standards/IR_spectral_library/ukk5v.dat.gz
ftp://ftp.eso.org/web/sci/observing/tools/standards/IR_spectral_library/ukk7v.dat.gz
ftp://ftp.eso.org/web/sci/observing/tools/standards/IR_spectral_library/ukm0iii.dat.gz
ftp://ftp.eso.org/web/sci/observing/tools/standards/IR_spectral_library/ukm0v.dat.gz
ftp://ftp.eso.org/web/sci/observing/tools/standards/IR_spectral_library/ukm10iii.dat.gz
ftp://ftp.eso.org/web/sci/observing/tools/standards/IR_spectral_library/ukm1iii.dat.gz
ftp://ftp.eso.org/web/sci/observing/tools/standards/IR_spectral_library/ukm1v.dat.gz
ftp://ftp.eso.org/web/sci/observing/tools/standards/IR_spectral_library/ukm2.5v.dat.gz
ftp://ftp.eso.org/web/sci/observing/tools/standards/IR_spectral_library/ukm2i.dat.gz
ftp://ftp.eso.org/web/sci/observing/tools/standards/IR_spectral_library/ukm2iii.dat.gz
ftp://ftp.eso.org/web/sci/observing/tools/standards/IR_spectral_library/ukm2v.dat.gz
ftp://ftp.eso.org/web/sci/observing/tools/standards/IR_spectral_library/ukm3ii.dat.gz
ftp://ftp.eso.org/web/sci/observing/tools/standards/IR_spectral_library/ukm3iii.dat.gz
ftp://ftp.eso.org/web/sci/observing/tools/standards/IR_spectral_library/ukm3v.dat.gz
ftp://ftp.eso.org/web/sci/observing/tools/standards/IR_spectral_library/ukm4iii.dat.gz
ftp://ftp.eso.org/web/sci/observing/tools/standards/IR_spectral_library/ukm4v.dat.gz
ftp://ftp.eso.org/web/sci/observing/tools/standards/IR_spectral_library/ukm4v_new.dat.gz
ftp://ftp.eso.org/web/sci/observing/tools/standards/IR_spectral_library/ukm5iii.dat.gz
ftp://ftp.eso.org/web/sci/observing/tools/standards/IR_spectral_library/ukm5v.dat.gz
ftp://ftp.eso.org/web/sci/observing/tools/standards/IR_spectral_library/ukm6iii.dat.gz
ftp://ftp.eso.org/web/sci/observing/tools/standards/IR_spectral_library/ukm6v.dat.gz
ftp://ftp.eso.org/web/sci/observing/tools/standards/IR_spectral_library/ukm7iii.dat.gz
ftp://ftp.eso.org/web/sci/observing/tools/standards/IR_spectral_library/ukm8iii.dat.gz
ftp://ftp.eso.org/web/sci/observing/tools/standards/IR_spectral_library/ukm9iii.dat.gz
